This is TeX, Version 3.14159 (Web2C 7.2) (format=latex2e 1999.8.17)  2 MAR 2000 10:30
**./images.tex
(./images.tex
LaTeX2e <1999/06/01> patch level 1

(/cs/data/texmf/tex/latex2e/base/article.cls
Document Class: article 1999/01/07 v1.4a Standard LaTeX document class
(/cs/data/texmf/tex/latex2e/base/size10.clo
File: size10.clo 1999/01/07 v1.4a Standard LaTeX file (size option)
)
\c@part=\count79
\c@section=\count80
\c@subsection=\count81
\c@subsubsection=\count82
\c@paragraph=\count83
\c@subparagraph=\count84
\c@figure=\count85
\c@table=\count86
\abovecaptionskip=\skip41
\belowcaptionskip=\skip42
\bibindent=\dimen102
) (/cs/data/texmf/tex/latex2e/graphics/epsfig.sty
Package: epsfig 1999/02/16 v1.7a (e)psfig emulation (SPQR)
(/cs/data/texmf/tex/latex2e/graphics/graphicx.sty
Package: graphicx 1999/02/16 v1.0f Enhanced LaTeX Graphics (DPC,SPQR)
(/cs/data/texmf/tex/latex2e/graphics/keyval.sty
Package: keyval 1999/03/16 v1.13 key=value parser (DPC)
\KV@toks@=\toks14
) (/cs/data/texmf/tex/latex2e/graphics/graphics.sty
Package: graphics 1999/02/16 v1.0l Standard LaTeX Graphics (DPC,SPQR)
(/cs/data/texmf/tex/latex2e/graphics/trig.sty
Package: trig 1999/03/16 v1.09 sin cos tan (DPC)
) (/cs/data/texmf/tex/latex2e/graphics/graphics.cfg)
Package graphics Info: Driver file: dvips.def on input line 80.
(/cs/data/texmf/tex/latex2e/graphics/dvips.def
File: dvips.def 1999/02/16 v3.0i Driver-dependant file (DPC,SPQR)
))
\Gin@req@height=\dimen103
\Gin@req@width=\dimen104
)
\epsfxsize=\dimen105
\epsfysize=\dimen106
) (/cs/data/texmf/tex/latex2e/graphics/color.sty
Package: color 1999/02/16 v1.0i Standard LaTeX Color (DPC)
(/cs/data/texmf/tex/latex2e/graphics/color.cfg)
Package color Info: Driver file: dvips.def on input line 125.
(/cs/data/texmf/tex/latex2e/graphics/dvipsnam.def
File: dvipsnam.def 1999/02/16 v3.0i Driver-dependant file (DPC,SPQR)
))
\sizebox=\box26
\lthtmlwrite=\write3
(images.aux)
\openout1 = `images.aux'.

LaTeX Font Info:    Checking defaults for OML/cmm/m/it on input line 75.
LaTeX Font Info:    ... okay on input line 75.
LaTeX Font Info:    Checking defaults for T1/cmr/m/n on input line 75.
LaTeX Font Info:    ... okay on input line 75.
LaTeX Font Info:    Checking defaults for OT1/cmr/m/n on input line 75.
LaTeX Font Info:    ... okay on input line 75.
LaTeX Font Info:    Checking defaults for OMS/cmsy/m/n on input line 75.
LaTeX Font Info:    ... okay on input line 75.
LaTeX Font Info:    Checking defaults for OMX/cmex/m/n on input line 75.
LaTeX Font Info:    ... okay on input line 75.
LaTeX Font Info:    Checking defaults for U/cmr/m/n on input line 75.
LaTeX Font Info:    ... okay on input line 75.
latex2htmlLength hsize=349.0pt
latex2htmlLength vsize=633.0pt
latex2htmlLength hoffset=0.0pt
latex2htmlLength voffset=0.0pt
latex2htmlLength topmargin=0.0pt
latex2htmlLength topskip=0.00003pt
latex2htmlLength headheight=0.0pt
latex2htmlLength headsep=0.0pt
latex2htmlLength parskip=0.0pt plus 1.0pt
latex2htmlLength oddsidemargin=62.0pt
latex2htmlLength evensidemargin=62.0pt
File: figs/bonefish_original_boundary.ps Graphic file (type eps)
<figs/bonefish_original_boundary.ps>
l2hSize :tex2html_wrap94:176.407pt::0.0pt::349.0pt.
[1


]
File: figs/bonefish_to_herring_editop1.ps Graphic file (type eps)
<figs/bonefish_to_herring_editop1.ps>
l2hSize :tex2html_wrap96:176.407pt::0.0pt::349.0pt.
[2


]
File: figs/attempt.ps Graphic file (type eps)
<figs/attempt.ps>
l2hSize :tex2html_wrap98:176.407pt::0.0pt::349.0pt.
[3


]
File: figs/herring_to_bonefish_editop3.ps Graphic file (type eps)
<figs/herring_to_bonefish_editop3.ps>
l2hSize :tex2html_wrap100:176.407pt::0.0pt::349.0pt.
[4


]
File: figs/herring_to_bonefish_editop2.ps Graphic file (type eps)
<figs/herring_to_bonefish_editop2.ps>
l2hSize :tex2html_wrap102:176.407pt::0.0pt::349.0pt.
[5


]
File: figs/herring_to_bonefish_editop1.ps Graphic file (type eps)
<figs/herring_to_bonefish_editop1.ps>
l2hSize :tex2html_wrap104:176.407pt::0.0pt::349.0pt.
[6


]
File: figs/herring_original_boundary.ps Graphic file (type eps)
<figs/herring_original_boundary.ps>
l2hSize :tex2html_wrap106:176.407pt::0.0pt::349.0pt.
[7


] (images.aux) ) 
Here is how much of TeX's memory you used:
 751 strings out of 10978
 9339 string characters out of 99436
 51444 words of memory out of 263001
 3667 multiletter control sequences out of 10000+0
 3640 words of font info for 14 fonts, out of 200000 for 1000
 14 hyphenation exceptions out of 1000
 32i,5n,21p,217b,216s stack positions out of 300i,100n,500p,30000b,4000s

Output written on images.dvi (7 pages, 1824 bytes).
